----------------------------------------
Exception occurred during processing of request from ('127.0.0.1', 51511)
Traceback (most recent call last):
  File "C:\Users\rgagn\AppData\Local\Programs\Python\Python313\Lib\socketserver.py", line 697, in process_request_thread
    self.finish_request(request, client_address)
    ~~~~~~~~~~~~~~~~~~~^^^^^^^^^^^^^^^^^^^^^^^^^
  File "C:\Users\rgagn\AppData\Local\Programs\Python\Python313\Lib\socketserver.py", line 362, in finish_request
    self.RequestHandlerClass(request, client_address, self)
    ~~~~~~~~~~~~~~~~~~~~~~~~^^^^^^^^^^^^^^^^^^^^^^^^^^^^^^^
  File "C:\AkkStack\code\utils\occ\scripts\occ_server.py", line 382, in __init__
    super().__init__(*args, directory=str(ROOT), **kwargs)
    ~~~~~~~~~~~~~~~~^^^^^^^^^^^^^^^^^^^^^^^^^^^^^^^^^^^^^^
  File "C:\Users\rgagn\AppData\Local\Programs\Python\Python313\Lib\http\server.py", line 683, in __init__
    super().__init__(*args, **kwargs)
    ~~~~~~~~~~~~~~~~^^^^^^^^^^^^^^^^^
  File "C:\Users\rgagn\AppData\Local\Programs\Python\Python313\Lib\socketserver.py", line 766, in __init__
    self.handle()
    ~~~~~~~~~~~^^
  File "C:\Users\rgagn\AppData\Local\Programs\Python\Python313\Lib\http\server.py", line 447, in handle
    self.handle_one_request()
    ~~~~~~~~~~~~~~~~~~~~~~~^^
  File "C:\Users\rgagn\AppData\Local\Programs\Python\Python313\Lib\http\server.py", line 435, in handle_one_request
    method()
    ~~~~~~^^
  File "C:\AkkStack\code\utils\occ\scripts\occ_server.py", line 394, in do_GET
    self.respond_json({"ok": True, "session": get_fresh_session_state()})
    ~~~~~~~~~~~~~~~~~^^^^^^^^^^^^^^^^^^^^^^^^^^^^^^^^^^^^^^^^^^^^^^^^^^^^
  File "C:\AkkStack\code\utils\occ\scripts\occ_server.py", line 450, in respond_json
    self.wfile.write(body)
    ~~~~~~~~~~~~~~~~^^^^^^
  File "C:\Users\rgagn\AppData\Local\Programs\Python\Python313\Lib\socketserver.py", line 845, in write
    self._sock.sendall(b)
    ~~~~~~~~~~~~~~~~~~^^^
ConnectionAbortedError: [WinError 10053] An established connection was aborted by the software in your host machine
----------------------------------------
----------------------------------------
Exception occurred during processing of request from ('127.0.0.1', 58765)
Traceback (most recent call last):
  File "C:\Users\rgagn\AppData\Local\Programs\Python\Python313\Lib\socketserver.py", line 697, in process_request_thread
    self.finish_request(request, client_address)
    ~~~~~~~~~~~~~~~~~~~^^^^^^^^^^^^^^^^^^^^^^^^^
  File "C:\Users\rgagn\AppData\Local\Programs\Python\Python313\Lib\socketserver.py", line 362, in finish_request
    self.RequestHandlerClass(request, client_address, self)
    ~~~~~~~~~~~~~~~~~~~~~~~~^^^^^^^^^^^^^^^^^^^^^^^^^^^^^^^
  File "C:\AkkStack\code\utils\occ\scripts\occ_server.py", line 382, in __init__
    super().__init__(*args, directory=str(ROOT), **kwargs)
    ~~~~~~~~~~~~~~~~^^^^^^^^^^^^^^^^^^^^^^^^^^^^^^^^^^^^^^
  File "C:\Users\rgagn\AppData\Local\Programs\Python\Python313\Lib\http\server.py", line 683, in __init__
    super().__init__(*args, **kwargs)
    ~~~~~~~~~~~~~~~~^^^^^^^^^^^^^^^^^
  File "C:\Users\rgagn\AppData\Local\Programs\Python\Python313\Lib\socketserver.py", line 766, in __init__
    self.handle()
    ~~~~~~~~~~~^^
  File "C:\Users\rgagn\AppData\Local\Programs\Python\Python313\Lib\http\server.py", line 447, in handle
    self.handle_one_request()
    ~~~~~~~~~~~~~~~~~~~~~~~^^
  File "C:\Users\rgagn\AppData\Local\Programs\Python\Python313\Lib\http\server.py", line 435, in handle_one_request
    method()
    ~~~~~~^^
  File "C:\AkkStack\code\utils\occ\scripts\occ_server.py", line 394, in do_GET
    self.respond_json({"ok": True, "session": get_fresh_session_state()})
    ~~~~~~~~~~~~~~~~~^^^^^^^^^^^^^^^^^^^^^^^^^^^^^^^^^^^^^^^^^^^^^^^^^^^^
  File "C:\AkkStack\code\utils\occ\scripts\occ_server.py", line 450, in respond_json
    self.wfile.write(body)
    ~~~~~~~~~~~~~~~~^^^^^^
  File "C:\Users\rgagn\AppData\Local\Programs\Python\Python313\Lib\socketserver.py", line 845, in write
    self._sock.sendall(b)
    ~~~~~~~~~~~~~~~~~~^^^
ConnectionAbortedError: [WinError 10053] An established connection was aborted by the software in your host machine
----------------------------------------
----------------------------------------
Exception occurred during processing of request from ('127.0.0.1', 62061)
Traceback (most recent call last):
  File "C:\Users\rgagn\AppData\Local\Programs\Python\Python313\Lib\socketserver.py", line 697, in process_request_thread
    self.finish_request(request, client_address)
    ~~~~~~~~~~~~~~~~~~~^^^^^^^^^^^^^^^^^^^^^^^^^
  File "C:\Users\rgagn\AppData\Local\Programs\Python\Python313\Lib\socketserver.py", line 362, in finish_request
    self.RequestHandlerClass(request, client_address, self)
    ~~~~~~~~~~~~~~~~~~~~~~~~^^^^^^^^^^^^^^^^^^^^^^^^^^^^^^^
  File "C:\AkkStack\code\utils\occ\scripts\occ_server.py", line 382, in __init__
    super().__init__(*args, directory=str(ROOT), **kwargs)
    ~~~~~~~~~~~~~~~~^^^^^^^^^^^^^^^^^^^^^^^^^^^^^^^^^^^^^^
  File "C:\Users\rgagn\AppData\Local\Programs\Python\Python313\Lib\http\server.py", line 683, in __init__
    super().__init__(*args, **kwargs)
    ~~~~~~~~~~~~~~~~^^^^^^^^^^^^^^^^^
  File "C:\Users\rgagn\AppData\Local\Programs\Python\Python313\Lib\socketserver.py", line 766, in __init__
    self.handle()
    ~~~~~~~~~~~^^
  File "C:\Users\rgagn\AppData\Local\Programs\Python\Python313\Lib\http\server.py", line 447, in handle
    self.handle_one_request()
    ~~~~~~~~~~~~~~~~~~~~~~~^^
  File "C:\Users\rgagn\AppData\Local\Programs\Python\Python313\Lib\http\server.py", line 435, in handle_one_request
    method()
    ~~~~~~^^
  File "C:\AkkStack\code\utils\occ\scripts\occ_server.py", line 394, in do_GET
    self.respond_json({"ok": True, "session": get_fresh_session_state()})
    ~~~~~~~~~~~~~~~~~^^^^^^^^^^^^^^^^^^^^^^^^^^^^^^^^^^^^^^^^^^^^^^^^^^^^
  File "C:\AkkStack\code\utils\occ\scripts\occ_server.py", line 450, in respond_json
    self.wfile.write(body)
    ~~~~~~~~~~~~~~~~^^^^^^
  File "C:\Users\rgagn\AppData\Local\Programs\Python\Python313\Lib\socketserver.py", line 845, in write
    self._sock.sendall(b)
    ~~~~~~~~~~~~~~~~~~^^^
ConnectionAbortedError: [WinError 10053] An established connection was aborted by the software in your host machine
----------------------------------------
----------------------------------------
Exception occurred during processing of request from ('127.0.0.1', 55068)
Traceback (most recent call last):
  File "C:\Users\rgagn\AppData\Local\Programs\Python\Python313\Lib\socketserver.py", line 697, in process_request_thread
    self.finish_request(request, client_address)
    ~~~~~~~~~~~~~~~~~~~^^^^^^^^^^^^^^^^^^^^^^^^^
  File "C:\Users\rgagn\AppData\Local\Programs\Python\Python313\Lib\socketserver.py", line 362, in finish_request
    self.RequestHandlerClass(request, client_address, self)
    ~~~~~~~~~~~~~~~~~~~~~~~~^^^^^^^^^^^^^^^^^^^^^^^^^^^^^^^
  File "C:\AkkStack\code\utils\occ\scripts\occ_server.py", line 382, in __init__
    super().__init__(*args, directory=str(ROOT), **kwargs)
    ~~~~~~~~~~~~~~~~^^^^^^^^^^^^^^^^^^^^^^^^^^^^^^^^^^^^^^
  File "C:\Users\rgagn\AppData\Local\Programs\Python\Python313\Lib\http\server.py", line 683, in __init__
    super().__init__(*args, **kwargs)
    ~~~~~~~~~~~~~~~~^^^^^^^^^^^^^^^^^
  File "C:\Users\rgagn\AppData\Local\Programs\Python\Python313\Lib\socketserver.py", line 766, in __init__
    self.handle()
    ~~~~~~~~~~~^^
  File "C:\Users\rgagn\AppData\Local\Programs\Python\Python313\Lib\http\server.py", line 447, in handle
    self.handle_one_request()
    ~~~~~~~~~~~~~~~~~~~~~~~^^
  File "C:\Users\rgagn\AppData\Local\Programs\Python\Python313\Lib\http\server.py", line 435, in handle_one_request
    method()
    ~~~~~~^^
  File "C:\AkkStack\code\utils\occ\scripts\occ_server.py", line 394, in do_GET
    self.respond_json({"ok": True, "session": get_fresh_session_state()})
    ~~~~~~~~~~~~~~~~~^^^^^^^^^^^^^^^^^^^^^^^^^^^^^^^^^^^^^^^^^^^^^^^^^^^^
  File "C:\AkkStack\code\utils\occ\scripts\occ_server.py", line 450, in respond_json
    self.wfile.write(body)
    ~~~~~~~~~~~~~~~~^^^^^^
  File "C:\Users\rgagn\AppData\Local\Programs\Python\Python313\Lib\socketserver.py", line 845, in write
    self._sock.sendall(b)
    ~~~~~~~~~~~~~~~~~~^^^
ConnectionAbortedError: [WinError 10053] An established connection was aborted by the software in your host machine
----------------------------------------
----------------------------------------
Exception occurred during processing of request from ('127.0.0.1', 60739)
Traceback (most recent call last):
  File "C:\Users\rgagn\AppData\Local\Programs\Python\Python313\Lib\socketserver.py", line 697, in process_request_thread
    self.finish_request(request, client_address)
    ~~~~~~~~~~~~~~~~~~~^^^^^^^^^^^^^^^^^^^^^^^^^
  File "C:\Users\rgagn\AppData\Local\Programs\Python\Python313\Lib\socketserver.py", line 362, in finish_request
    self.RequestHandlerClass(request, client_address, self)
    ~~~~~~~~~~~~~~~~~~~~~~~~^^^^^^^^^^^^^^^^^^^^^^^^^^^^^^^
  File "C:\AkkStack\code\utils\occ\scripts\occ_server.py", line 382, in __init__
    super().__init__(*args, directory=str(ROOT), **kwargs)
    ~~~~~~~~~~~~~~~~^^^^^^^^^^^^^^^^^^^^^^^^^^^^^^^^^^^^^^
  File "C:\Users\rgagn\AppData\Local\Programs\Python\Python313\Lib\http\server.py", line 683, in __init__
    super().__init__(*args, **kwargs)
    ~~~~~~~~~~~~~~~~^^^^^^^^^^^^^^^^^
  File "C:\Users\rgagn\AppData\Local\Programs\Python\Python313\Lib\socketserver.py", line 766, in __init__
    self.handle()
    ~~~~~~~~~~~^^
  File "C:\Users\rgagn\AppData\Local\Programs\Python\Python313\Lib\http\server.py", line 447, in handle
    self.handle_one_request()
    ~~~~~~~~~~~~~~~~~~~~~~~^^
  File "C:\Users\rgagn\AppData\Local\Programs\Python\Python313\Lib\http\server.py", line 435, in handle_one_request
    method()
    ~~~~~~^^
  File "C:\AkkStack\code\utils\occ\scripts\occ_server.py", line 394, in do_GET
    self.respond_json({"ok": True, "session": get_fresh_session_state()})
    ~~~~~~~~~~~~~~~~~^^^^^^^^^^^^^^^^^^^^^^^^^^^^^^^^^^^^^^^^^^^^^^^^^^^^
  File "C:\AkkStack\code\utils\occ\scripts\occ_server.py", line 450, in respond_json
    self.wfile.write(body)
    ~~~~~~~~~~~~~~~~^^^^^^
  File "C:\Users\rgagn\AppData\Local\Programs\Python\Python313\Lib\socketserver.py", line 845, in write
    self._sock.sendall(b)
    ~~~~~~~~~~~~~~~~~~^^^
ConnectionAbortedError: [WinError 10053] An established connection was aborted by the software in your host machine
----------------------------------------
----------------------------------------
Exception occurred during processing of request from ('127.0.0.1', 58068)
Traceback (most recent call last):
  File "C:\Users\rgagn\AppData\Local\Programs\Python\Python313\Lib\socketserver.py", line 697, in process_request_thread
    self.finish_request(request, client_address)
    ~~~~~~~~~~~~~~~~~~~^^^^^^^^^^^^^^^^^^^^^^^^^
  File "C:\Users\rgagn\AppData\Local\Programs\Python\Python313\Lib\socketserver.py", line 362, in finish_request
    self.RequestHandlerClass(request, client_address, self)
    ~~~~~~~~~~~~~~~~~~~~~~~~^^^^^^^^^^^^^^^^^^^^^^^^^^^^^^^
  File "C:\AkkStack\code\utils\occ\scripts\occ_server.py", line 382, in __init__
    super().__init__(*args, directory=str(ROOT), **kwargs)
    ~~~~~~~~~~~~~~~~^^^^^^^^^^^^^^^^^^^^^^^^^^^^^^^^^^^^^^
  File "C:\Users\rgagn\AppData\Local\Programs\Python\Python313\Lib\http\server.py", line 683, in __init__
    super().__init__(*args, **kwargs)
    ~~~~~~~~~~~~~~~~^^^^^^^^^^^^^^^^^
  File "C:\Users\rgagn\AppData\Local\Programs\Python\Python313\Lib\socketserver.py", line 766, in __init__
    self.handle()
    ~~~~~~~~~~~^^
  File "C:\Users\rgagn\AppData\Local\Programs\Python\Python313\Lib\http\server.py", line 447, in handle
    self.handle_one_request()
    ~~~~~~~~~~~~~~~~~~~~~~~^^
  File "C:\Users\rgagn\AppData\Local\Programs\Python\Python313\Lib\http\server.py", line 435, in handle_one_request
    method()
    ~~~~~~^^
  File "C:\AkkStack\code\utils\occ\scripts\occ_server.py", line 394, in do_GET
    self.respond_json({"ok": True, "session": get_fresh_session_state()})
    ~~~~~~~~~~~~~~~~~^^^^^^^^^^^^^^^^^^^^^^^^^^^^^^^^^^^^^^^^^^^^^^^^^^^^
  File "C:\AkkStack\code\utils\occ\scripts\occ_server.py", line 450, in respond_json
    self.wfile.write(body)
    ~~~~~~~~~~~~~~~~^^^^^^
  File "C:\Users\rgagn\AppData\Local\Programs\Python\Python313\Lib\socketserver.py", line 845, in write
    self._sock.sendall(b)
    ~~~~~~~~~~~~~~~~~~^^^
ConnectionAbortedError: [WinError 10053] An established connection was aborted by the software in your host machine
----------------------------------------
----------------------------------------
Exception occurred during processing of request from ('127.0.0.1', 51195)
Traceback (most recent call last):
  File "C:\Users\rgagn\AppData\Local\Programs\Python\Python313\Lib\socketserver.py", line 697, in process_request_thread
    self.finish_request(request, client_address)
    ~~~~~~~~~~~~~~~~~~~^^^^^^^^^^^^^^^^^^^^^^^^^
  File "C:\Users\rgagn\AppData\Local\Programs\Python\Python313\Lib\socketserver.py", line 362, in finish_request
    self.RequestHandlerClass(request, client_address, self)
    ~~~~~~~~~~~~~~~~~~~~~~~~^^^^^^^^^^^^^^^^^^^^^^^^^^^^^^^
  File "C:\AkkStack\code\utils\occ\scripts\occ_server.py", line 382, in __init__
  File "C:\Users\rgagn\AppData\Local\Programs\Python\Python313\Lib\http\server.py", line 683, in __init__
    super().__init__(*args, **kwargs)
    ~~~~~~~~~~~~~~~~^^^^^^^^^^^^^^^^^
  File "C:\Users\rgagn\AppData\Local\Programs\Python\Python313\Lib\socketserver.py", line 766, in __init__
    self.handle()
    ~~~~~~~~~~~^^
  File "C:\Users\rgagn\AppData\Local\Programs\Python\Python313\Lib\http\server.py", line 447, in handle
    self.handle_one_request()
    ~~~~~~~~~~~~~~~~~~~~~~~^^
  File "C:\Users\rgagn\AppData\Local\Programs\Python\Python313\Lib\http\server.py", line 435, in handle_one_request
    method()
    ~~~~~~^^
  File "C:\AkkStack\code\utils\occ\scripts\occ_server.py", line 394, in do_GET
    def log_message(self, format, *args):
            ^^^^^^^^^^^^^^^^^^^^^^^^^^^^^
  File "C:\AkkStack\code\utils\occ\scripts\occ_server.py", line 450, in respond_json
    def respond_json(self, payload, status=HTTPStatus.OK):
        ^^^^^^^^^^^^^^^^^^^^^^
  File "C:\Users\rgagn\AppData\Local\Programs\Python\Python313\Lib\socketserver.py", line 845, in write
    self._sock.sendall(b)
    ~~~~~~~~~~~~~~~~~~^^^
ConnectionAbortedError: [WinError 10053] An established connection was aborted by the software in your host machine
----------------------------------------
----------------------------------------
Exception occurred during processing of request from ('127.0.0.1', 56995)
Traceback (most recent call last):
  File "C:\Users\rgagn\AppData\Local\Programs\Python\Python313\Lib\socketserver.py", line 697, in process_request_thread
    self.finish_request(request, client_address)
    ~~~~~~~~~~~~~~~~~~~^^^^^^^^^^^^^^^^^^^^^^^^^
  File "C:\Users\rgagn\AppData\Local\Programs\Python\Python313\Lib\socketserver.py", line 362, in finish_request
    self.RequestHandlerClass(request, client_address, self)
    ~~~~~~~~~~~~~~~~~~~~~~~~^^^^^^^^^^^^^^^^^^^^^^^^^^^^^^^
  File "C:\AkkStack\code\utils\occ\scripts\occ_server.py", line 382, in __init__
  File "C:\Users\rgagn\AppData\Local\Programs\Python\Python313\Lib\http\server.py", line 683, in __init__
    super().__init__(*args, **kwargs)
    ~~~~~~~~~~~~~~~~^^^^^^^^^^^^^^^^^
  File "C:\Users\rgagn\AppData\Local\Programs\Python\Python313\Lib\socketserver.py", line 766, in __init__
    self.handle()
    ~~~~~~~~~~~^^
  File "C:\Users\rgagn\AppData\Local\Programs\Python\Python313\Lib\http\server.py", line 447, in handle
    self.handle_one_request()
    ~~~~~~~~~~~~~~~~~~~~~~~^^
  File "C:\Users\rgagn\AppData\Local\Programs\Python\Python313\Lib\http\server.py", line 435, in handle_one_request
    method()
    ~~~~~~^^
  File "C:\AkkStack\code\utils\occ\scripts\occ_server.py", line 394, in do_GET
    def log_message(self, format, *args):
            ^^^^^^^^^^^^^^^^^^^^^^^^^^^^^
  File "C:\AkkStack\code\utils\occ\scripts\occ_server.py", line 450, in respond_json
    def respond_json(self, payload, status=HTTPStatus.OK):
        ^^^^^^^^^^^^^^^^^^^^^^
  File "C:\Users\rgagn\AppData\Local\Programs\Python\Python313\Lib\socketserver.py", line 845, in write
    self._sock.sendall(b)
    ~~~~~~~~~~~~~~~~~~^^^
ConnectionAbortedError: [WinError 10053] An established connection was aborted by the software in your host machine
----------------------------------------
----------------------------------------
Exception occurred during processing of request from ('127.0.0.1', 49819)
Traceback (most recent call last):
  File "C:\Users\rgagn\AppData\Local\Programs\Python\Python313\Lib\socketserver.py", line 697, in process_request_thread
    self.finish_request(request, client_address)
    ~~~~~~~~~~~~~~~~~~~^^^^^^^^^^^^^^^^^^^^^^^^^
  File "C:\Users\rgagn\AppData\Local\Programs\Python\Python313\Lib\socketserver.py", line 362, in finish_request
    self.RequestHandlerClass(request, client_address, self)
    ~~~~~~~~~~~~~~~~~~~~~~~~^^^^^^^^^^^^^^^^^^^^^^^^^^^^^^^
  File "C:\AkkStack\code\utils\occ\scripts\occ_server.py", line 382, in __init__
  File "C:\Users\rgagn\AppData\Local\Programs\Python\Python313\Lib\http\server.py", line 683, in __init__
    super().__init__(*args, **kwargs)
    ~~~~~~~~~~~~~~~~^^^^^^^^^^^^^^^^^
  File "C:\Users\rgagn\AppData\Local\Programs\Python\Python313\Lib\socketserver.py", line 766, in __init__
    self.handle()
    ~~~~~~~~~~~^^
  File "C:\Users\rgagn\AppData\Local\Programs\Python\Python313\Lib\http\server.py", line 447, in handle
    self.handle_one_request()
    ~~~~~~~~~~~~~~~~~~~~~~~^^
  File "C:\Users\rgagn\AppData\Local\Programs\Python\Python313\Lib\http\server.py", line 435, in handle_one_request
    method()
    ~~~~~~^^
  File "C:\AkkStack\code\utils\occ\scripts\occ_server.py", line 394, in do_GET
    def log_message(self, format, *args):
            ^^^^^^^^^^^^^^^^^^^^^^^^^^^^^
  File "C:\AkkStack\code\utils\occ\scripts\occ_server.py", line 450, in respond_json
    def respond_json(self, payload, status=HTTPStatus.OK):
        ^^^^^^^^^^^^^^^^^^^^^^
  File "C:\Users\rgagn\AppData\Local\Programs\Python\Python313\Lib\socketserver.py", line 845, in write
    self._sock.sendall(b)
    ~~~~~~~~~~~~~~~~~~^^^
ConnectionAbortedError: [WinError 10053] An established connection was aborted by the software in your host machine
----------------------------------------
----------------------------------------
Exception occurred during processing of request from ('127.0.0.1', 61696)
Traceback (most recent call last):
  File "C:\Users\rgagn\AppData\Local\Programs\Python\Python313\Lib\socketserver.py", line 697, in process_request_thread
    self.finish_request(request, client_address)
    ~~~~~~~~~~~~~~~~~~~^^^^^^^^^^^^^^^^^^^^^^^^^
  File "C:\Users\rgagn\AppData\Local\Programs\Python\Python313\Lib\socketserver.py", line 362, in finish_request
    self.RequestHandlerClass(request, client_address, self)
    ~~~~~~~~~~~~~~~~~~~~~~~~^^^^^^^^^^^^^^^^^^^^^^^^^^^^^^^
  File "C:\AkkStack\code\utils\occ\scripts\occ_server.py", line 382, in __init__
  File "C:\Users\rgagn\AppData\Local\Programs\Python\Python313\Lib\http\server.py", line 683, in __init__
    super().__init__(*args, **kwargs)
    ~~~~~~~~~~~~~~~~^^^^^^^^^^^^^^^^^
  File "C:\Users\rgagn\AppData\Local\Programs\Python\Python313\Lib\socketserver.py", line 766, in __init__
    self.handle()
    ~~~~~~~~~~~^^
  File "C:\Users\rgagn\AppData\Local\Programs\Python\Python313\Lib\http\server.py", line 447, in handle
    self.handle_one_request()
    ~~~~~~~~~~~~~~~~~~~~~~~^^
  File "C:\Users\rgagn\AppData\Local\Programs\Python\Python313\Lib\http\server.py", line 435, in handle_one_request
    method()
    ~~~~~~^^
  File "C:\AkkStack\code\utils\occ\scripts\occ_server.py", line 394, in do_GET
    def log_message(self, format, *args):
            ^^^^^^^^^^^^^^^^^^^^^^^^^^^^^
  File "C:\AkkStack\code\utils\occ\scripts\occ_server.py", line 450, in respond_json
    def respond_json(self, payload, status=HTTPStatus.OK):
        ^^^^^^^^^^^^^^^^^^^^^^
  File "C:\Users\rgagn\AppData\Local\Programs\Python\Python313\Lib\socketserver.py", line 845, in write
    self._sock.sendall(b)
    ~~~~~~~~~~~~~~~~~~^^^
ConnectionAbortedError: [WinError 10053] An established connection was aborted by the software in your host machine
----------------------------------------
----------------------------------------
Exception occurred during processing of request from ('127.0.0.1', 50280)
Traceback (most recent call last):
  File "C:\Users\rgagn\AppData\Local\Programs\Python\Python313\Lib\socketserver.py", line 697, in process_request_thread
    self.finish_request(request, client_address)
    ~~~~~~~~~~~~~~~~~~~^^^^^^^^^^^^^^^^^^^^^^^^^
  File "C:\Users\rgagn\AppData\Local\Programs\Python\Python313\Lib\socketserver.py", line 362, in finish_request
    self.RequestHandlerClass(request, client_address, self)
    ~~~~~~~~~~~~~~~~~~~~~~~~^^^^^^^^^^^^^^^^^^^^^^^^^^^^^^^
  File "C:\AkkStack\code\utils\occ\scripts\occ_server.py", line 382, in __init__
  File "C:\Users\rgagn\AppData\Local\Programs\Python\Python313\Lib\http\server.py", line 683, in __init__
    super().__init__(*args, **kwargs)
    ~~~~~~~~~~~~~~~~^^^^^^^^^^^^^^^^^
  File "C:\Users\rgagn\AppData\Local\Programs\Python\Python313\Lib\socketserver.py", line 766, in __init__
    self.handle()
    ~~~~~~~~~~~^^
  File "C:\Users\rgagn\AppData\Local\Programs\Python\Python313\Lib\http\server.py", line 447, in handle
    self.handle_one_request()
    ~~~~~~~~~~~~~~~~~~~~~~~^^
  File "C:\Users\rgagn\AppData\Local\Programs\Python\Python313\Lib\http\server.py", line 435, in handle_one_request
    method()
    ~~~~~~^^
  File "C:\AkkStack\code\utils\occ\scripts\occ_server.py", line 394, in do_GET
    def log_message(self, format, *args):
            ^^^^^^^^^^^^^^^^^^^^^^^^^^^^^
  File "C:\AkkStack\code\utils\occ\scripts\occ_server.py", line 450, in respond_json
    def respond_json(self, payload, status=HTTPStatus.OK):
        ^^^^^^^^^^^^^^^^^^^^^^
  File "C:\Users\rgagn\AppData\Local\Programs\Python\Python313\Lib\socketserver.py", line 845, in write
    self._sock.sendall(b)
    ~~~~~~~~~~~~~~~~~~^^^
ConnectionAbortedError: [WinError 10053] An established connection was aborted by the software in your host machine
----------------------------------------
----------------------------------------
Exception occurred during processing of request from ('127.0.0.1', 58127)
Traceback (most recent call last):
  File "C:\Users\rgagn\AppData\Local\Programs\Python\Python313\Lib\socketserver.py", line 697, in process_request_thread
    self.finish_request(request, client_address)
    ~~~~~~~~~~~~~~~~~~~^^^^^^^^^^^^^^^^^^^^^^^^^
  File "C:\Users\rgagn\AppData\Local\Programs\Python\Python313\Lib\socketserver.py", line 362, in finish_request
    self.RequestHandlerClass(request, client_address, self)
    ~~~~~~~~~~~~~~~~~~~~~~~~^^^^^^^^^^^^^^^^^^^^^^^^^^^^^^^
  File "C:\AkkStack\code\utils\occ\scripts\occ_server.py", line 382, in __init__
  File "C:\Users\rgagn\AppData\Local\Programs\Python\Python313\Lib\http\server.py", line 683, in __init__
    super().__init__(*args, **kwargs)
    ~~~~~~~~~~~~~~~~^^^^^^^^^^^^^^^^^
  File "C:\Users\rgagn\AppData\Local\Programs\Python\Python313\Lib\socketserver.py", line 766, in __init__
    self.handle()
    ~~~~~~~~~~~^^
  File "C:\Users\rgagn\AppData\Local\Programs\Python\Python313\Lib\http\server.py", line 447, in handle
    self.handle_one_request()
    ~~~~~~~~~~~~~~~~~~~~~~~^^
  File "C:\Users\rgagn\AppData\Local\Programs\Python\Python313\Lib\http\server.py", line 435, in handle_one_request
    method()
    ~~~~~~^^
  File "C:\AkkStack\code\utils\occ\scripts\occ_server.py", line 394, in do_GET
    def log_message(self, format, *args):
            ^^^^^^^^^^^^^^^^^^^^^^^^^^^^^
  File "C:\AkkStack\code\utils\occ\scripts\occ_server.py", line 450, in respond_json
    def respond_json(self, payload, status=HTTPStatus.OK):
        ^^^^^^^^^^^^^^^^^^^^^^
  File "C:\Users\rgagn\AppData\Local\Programs\Python\Python313\Lib\socketserver.py", line 845, in write
    self._sock.sendall(b)
    ~~~~~~~~~~~~~~~~~~^^^
ConnectionAbortedError: [WinError 10053] An established connection was aborted by the software in your host machine
----------------------------------------
